nohup: ignoring input
/groups/hephy/cms/alikaan.gueven/conda/envs/SDV/lib/python3.11/site-packages/pandas/core/computation/expressions.py:21: UserWarning: Pandas requires version '2.8.4' or newer of 'numexpr' (version '2.8.3' currently installed).
  from pandas.core.computation.check import NUMEXPR_INSTALLED
Initialize iterable dataset (Main Process)
__iter__ is called (inside a Worker).
__iter__ is called (inside a Worker).
2866
torch.Size([2866]) tensor([5.3462, 5.4190, 4.9791, 5.4331, 4.8957], dtype=torch.float64)
5846
torch.Size([2980]) tensor([6.3276, 5.3185, 5.3179, 5.2191, 5.7001], dtype=torch.float64)
8746
torch.Size([2900]) tensor([5.3693, 5.2909, 5.2201, 5.0766, 5.7667], dtype=torch.float64)
11623
torch.Size([2877]) tensor([5.0580, 5.6126, 5.2742, 4.9250, 5.4869], dtype=torch.float64)
14512
torch.Size([2889]) tensor([5.4958, 5.3189, 5.5137, 5.3115, 5.6521], dtype=torch.float64)
17548
torch.Size([3036]) tensor([5.4969, 5.1310, 5.0677, 5.3005, 5.1551], dtype=torch.float64)
20457
torch.Size([2909]) tensor([5.2280, 5.6121, 5.1926, 5.0629, 5.1638], dtype=torch.float64)
23621
torch.Size([3164]) tensor([5.0967, 5.3897, 5.2277, 5.0387, 5.1154], dtype=torch.float64)
26781
torch.Size([3160]) tensor([5.2401, 5.7145, 5.3131, 5.3863, 5.0994], dtype=torch.float64)
29785
torch.Size([3004]) tensor([5.2833, 5.6150, 5.1620, 5.1550, 6.1343], dtype=torch.float64)
32871
torch.Size([3086]) tensor([5.1590, 5.1013, 5.2329, 5.5050, 5.1351], dtype=torch.float64)
35872
torch.Size([3001]) tensor([5.8754, 6.0854, 5.3979, 4.9398, 5.2744], dtype=torch.float64)
38844
torch.Size([2972]) tensor([5.5625, 5.8138, 5.8049, 6.2198, 5.9873], dtype=torch.float64)
41895
torch.Size([3051]) tensor([5.0506, 5.2607, 5.1879, 5.0934, 5.2838], dtype=torch.float64)
44802
torch.Size([2907]) tensor([5.4967, 5.2112, 5.8928, 5.4854, 5.1582], dtype=torch.float64)
47976
torch.Size([3174]) tensor([5.4045, 5.1950, 5.4450, 5.8536, 5.2911], dtype=torch.float64)
51015
torch.Size([3039]) tensor([5.0473, 5.4707, 5.8914, 5.0802, 5.5110], dtype=torch.float64)
54390
torch.Size([3375]) tensor([5.9514, 6.1266, 6.0200, 5.5292, 5.3948], dtype=torch.float64)
57748
torch.Size([3358]) tensor([6.4533, 5.5872, 6.8217, 5.9758, 5.4171], dtype=torch.float64)
61278
torch.Size([3530]) tensor([5.4605, 6.0425, 5.5953, 5.8483, 5.6102], dtype=torch.float64)
64743
torch.Size([3465]) tensor([6.6782, 5.7981, 6.1991, 6.1144, 5.7220], dtype=torch.float64)
68332
torch.Size([3589]) tensor([6.2698, 6.4219, 5.6163, 6.2453, 6.6566], dtype=torch.float64)
71863
torch.Size([3531]) tensor([5.1656, 5.3236, 6.2707, 6.2433, 6.3271], dtype=torch.float64)
75404
torch.Size([3541]) tensor([6.3395, 5.3044, 5.9151, 5.5359, 5.6183], dtype=torch.float64)
78982
torch.Size([3578]) tensor([6.0050, 5.5523, 5.6136, 6.1958, 5.5069], dtype=torch.float64)
82555
torch.Size([3573]) tensor([6.0510, 5.7366, 7.2126, 6.3007, 5.7725], dtype=torch.float64)
85916
torch.Size([3361]) tensor([5.5283, 5.2456, 5.0817, 5.1659, 5.5055], dtype=torch.float64)
89358
torch.Size([3442]) tensor([4.8727, 5.4836, 4.9238, 5.1700, 5.0811], dtype=torch.float64)
92975
torch.Size([3617]) tensor([6.3158, 6.8835, 5.7186, 5.6329, 5.8885], dtype=torch.float64)
96066
torch.Size([3091]) tensor([6.6738, 5.5115, 5.2851, 5.2901, 5.2079], dtype=torch.float64)
99371
torch.Size([3305]) tensor([5.4761, 6.2798, 5.4202, 5.6546, 5.6101], dtype=torch.float64)
102834
torch.Size([3463]) tensor([5.6843, 6.6892, 6.0453, 5.8873, 6.1514], dtype=torch.float64)
106095
torch.Size([3261]) tensor([5.6345, 6.3459, 7.0596, 5.0950, 6.0297], dtype=torch.float64)
109401
torch.Size([3306]) tensor([5.0738, 5.2784, 5.5536, 5.2367, 5.6405], dtype=torch.float64)
112580
torch.Size([3179]) tensor([5.1548, 5.0622, 5.1320, 5.1378, 5.1117], dtype=torch.float64)
116134
torch.Size([3554]) tensor([6.0722, 5.9790, 5.5534, 5.7938, 5.8435], dtype=torch.float64)
119666
torch.Size([3532]) tensor([5.8549, 5.7958, 6.8256, 5.8031, 5.2195], dtype=torch.float64)
123070
torch.Size([3404]) tensor([6.2468, 5.8939, 5.1576, 5.4246, 5.5319], dtype=torch.float64)
126341
torch.Size([3271]) tensor([5.0988, 6.6073, 6.0315, 6.0642, 5.6307], dtype=torch.float64)
129309
torch.Size([2968]) tensor([5.7740, 5.1231, 6.1809, 5.1741, 5.0445], dtype=torch.float64)
132205
torch.Size([2896]) tensor([5.0777, 5.1030, 5.1084, 5.0572, 5.3906], dtype=torch.float64)
135452
torch.Size([3247]) tensor([5.0660, 5.3959, 5.8071, 5.3495, 5.6659], dtype=torch.float64)
138691
torch.Size([3239]) tensor([5.2084, 5.6688, 5.0106, 5.0076, 5.8612], dtype=torch.float64)
142012
torch.Size([3321]) tensor([6.1065, 5.6648, 6.4738, 5.8167, 6.5516], dtype=torch.float64)
145425
torch.Size([3413]) tensor([5.6060, 6.3588, 6.1345, 5.2728, 5.9377], dtype=torch.float64)
148487
torch.Size([3062]) tensor([6.5736, 5.5373, 5.9212, 6.1507, 5.9825], dtype=torch.float64)
151799
torch.Size([3312]) tensor([5.4611, 4.9948, 5.1230, 5.0890, 6.0685], dtype=torch.float64)
154938
torch.Size([3139]) tensor([5.3115, 6.1105, 5.1218, 6.3749, 5.2656], dtype=torch.float64)
158153
torch.Size([3215]) tensor([5.2459, 5.4356, 5.3848, 5.4720, 5.1749], dtype=torch.float64)
161684
torch.Size([3531]) tensor([5.0108, 5.1212, 5.3378, 5.3352, 5.1973], dtype=torch.float64)
164934
torch.Size([3250]) tensor([6.5020, 6.2008, 5.8981, 6.3438, 5.2685], dtype=torch.float64)
168414
torch.Size([3480]) tensor([5.4022, 6.1886, 5.4449, 6.2443, 5.4613], dtype=torch.float64)
171949
torch.Size([3535]) tensor([6.3395, 5.7306, 5.9602, 6.2613, 6.4302], dtype=torch.float64)
175245
torch.Size([3296]) tensor([6.1124, 5.1605, 5.1159, 5.5923, 6.3742], dtype=torch.float64)
178652
torch.Size([3407]) tensor([5.0970, 5.4052, 5.0716, 4.7649, 5.4040], dtype=torch.float64)
181865
torch.Size([3213]) tensor([5.0047, 5.9605, 5.2398, 5.2539, 5.6374], dtype=torch.float64)
185499
torch.Size([3634]) tensor([5.0002, 5.0614, 5.3548, 5.2767, 5.7005], dtype=torch.float64)
188987
torch.Size([3488]) tensor([5.5661, 6.5265, 5.5217, 5.7378, 5.6872], dtype=torch.float64)
192619
torch.Size([3632]) tensor([6.3541, 5.4500, 6.6407, 5.2529, 5.5041], dtype=torch.float64)
195671
torch.Size([3052]) tensor([7.1874, 6.8469, 6.3762, 5.2112, 5.2170], dtype=torch.float64)
198899
torch.Size([3228]) tensor([5.2155, 5.4295, 5.0446, 5.4397, 5.1099], dtype=torch.float64)
202346
torch.Size([3447]) tensor([5.0908, 5.0255, 5.9958, 5.2499, 4.9913], dtype=torch.float64)
205794
torch.Size([3448]) tensor([5.7649, 5.4454, 5.8380, 6.4919, 6.4402], dtype=torch.float64)
209402
torch.Size([3608]) tensor([5.6002, 6.2643, 6.7029, 6.4101, 5.9621], dtype=torch.float64)
212855
torch.Size([3453]) tensor([5.7487, 6.6232, 6.8241, 5.3106, 7.1834], dtype=torch.float64)
216154
torch.Size([3299]) tensor([6.0821, 5.1455, 5.1328, 5.3275, 5.1114], dtype=torch.float64)
219460
torch.Size([3306]) tensor([5.3589, 5.1295, 5.2400, 5.2028, 5.3931], dtype=torch.float64)
222881
torch.Size([3421]) tensor([5.6660, 5.5201, 5.6535, 4.9678, 5.5431], dtype=torch.float64)
226503
torch.Size([3622]) tensor([6.2334, 6.5801, 5.4062, 5.5171, 5.3740], dtype=torch.float64)
230147
torch.Size([3644]) tensor([5.5952, 5.7906, 5.1096, 5.6205, 5.6742], dtype=torch.float64)
233804
torch.Size([3657]) tensor([6.6723, 5.3344, 6.4464, 5.8356, 5.1017], dtype=torch.float64)
237229
torch.Size([3425]) tensor([5.6334, 6.0536, 7.0539, 5.6742, 6.3199], dtype=torch.float64)
240606
torch.Size([3377]) tensor([5.8886, 6.0332, 5.4082, 9.0290, 5.3670], dtype=torch.float64)
244024
torch.Size([3418]) tensor([5.1517, 6.0824, 5.0673, 5.0326, 6.0409], dtype=torch.float64)
247232
torch.Size([3208]) tensor([5.7860, 5.4695, 5.8029, 5.2374, 6.1434], dtype=torch.float64)
250588
torch.Size([3356]) tensor([5.5912, 6.9623, 5.6616, 6.0254, 6.8458], dtype=torch.float64)
253932
torch.Size([3344]) tensor([5.3898, 5.0805, 5.1577, 5.1132, 5.0718], dtype=torch.float64)
257463
torch.Size([3531]) tensor([6.5789, 5.5413, 5.9149, 5.9092, 6.6677], dtype=torch.float64)
261087
torch.Size([3624]) tensor([6.2104, 6.1019, 5.8085, 6.2365, 5.9494], dtype=torch.float64)
264491
torch.Size([3404]) tensor([5.1522, 5.2003, 5.0349, 5.0633, 5.1863], dtype=torch.float64)
267864
torch.Size([3373]) tensor([5.4401, 5.7412, 5.7568, 5.4293, 5.5035], dtype=torch.float64)
271375
torch.Size([3511]) tensor([5.4810, 5.9988, 5.6284, 5.6151, 5.7028], dtype=torch.float64)
274635
torch.Size([3260]) tensor([5.5011, 5.1018, 4.9398, 5.4147, 5.5505], dtype=torch.float64)
278090
torch.Size([3455]) tensor([5.7148, 5.5510, 5.8401, 6.5429, 6.1071], dtype=torch.float64)
281318
torch.Size([3228]) tensor([5.4517, 5.9180, 5.3167, 6.7997, 5.6179], dtype=torch.float64)
284563
torch.Size([3245]) tensor([6.3273, 6.4624, 5.6074, 6.0621, 5.4852], dtype=torch.float64)
287916
torch.Size([3353]) tensor([5.4061, 5.9740, 5.8651, 5.4450, 5.6742], dtype=torch.float64)
291413
torch.Size([3497]) tensor([5.7633, 6.4433, 5.9603, 6.8146, 5.4974], dtype=torch.float64)
294741
torch.Size([3328]) tensor([5.4372, 5.5206, 5.4291, 5.7059, 5.4433], dtype=torch.float64)
298043
torch.Size([3302]) tensor([5.5094, 6.0988, 6.0085, 5.6154, 5.3669], dtype=torch.float64)
301424
torch.Size([3381]) tensor([6.3335, 5.1565, 5.0365, 6.1074, 6.5547], dtype=torch.float64)
304842
torch.Size([3418]) tensor([5.9401, 6.3571, 5.8506, 5.3344, 5.5324], dtype=torch.float64)
308319
torch.Size([3477]) tensor([5.5538, 6.0622, 6.1449, 6.1441, 5.6392], dtype=torch.float64)
311914
torch.Size([3595]) tensor([4.9610, 6.2428, 6.7328, 6.1286, 5.6539], dtype=torch.float64)
315415
torch.Size([3501]) tensor([5.3256, 5.5297, 5.5776, 5.8043, 6.4738], dtype=torch.float64)
318697
torch.Size([3282]) tensor([5.6076, 5.7423, 6.9453, 5.7716, 5.6530], dtype=torch.float64)
322221
torch.Size([3524]) tensor([4.9042, 5.2588, 5.6522, 4.9290, 5.2859], dtype=torch.float64)
325555
torch.Size([3334]) tensor([5.9670, 6.7968, 5.7961, 5.7141, 6.0621], dtype=torch.float64)
329165
torch.Size([3610]) tensor([5.2145, 5.0882, 5.5430, 6.9181, 5.5761], dtype=torch.float64)
332428
torch.Size([3263]) tensor([5.6041, 5.5801, 5.8795, 5.2030, 6.1579], dtype=torch.float64)
335840
torch.Size([3412]) tensor([5.3580, 5.6120, 5.8386, 5.3569, 5.6565], dtype=torch.float64)
339048
torch.Size([3208]) tensor([5.0131, 5.8876, 6.9426, 5.2855, 5.2826], dtype=torch.float64)
342561
torch.Size([3513]) tensor([6.0092, 5.3870, 6.3193, 5.4401, 6.0614], dtype=torch.float64)
346041
torch.Size([3480]) tensor([5.6360, 6.2772, 5.0345, 5.1233, 5.8358], dtype=torch.float64)
349390
torch.Size([3349]) tensor([5.4498, 4.8560, 5.0033, 5.1585, 5.6699], dtype=torch.float64)
352949
torch.Size([3559]) tensor([4.9361, 5.3605, 5.0502, 5.5284, 5.3917], dtype=torch.float64)
356110
torch.Size([3161]) tensor([5.8429, 6.5593, 5.3424, 6.1001, 6.2933], dtype=torch.float64)
359514
torch.Size([3404]) tensor([5.9925, 5.3453, 6.2590, 5.5788, 5.4386], dtype=torch.float64)
362789
torch.Size([3275]) tensor([5.7130, 5.0963, 5.2145, 5.3283, 5.0971], dtype=torch.float64)
366018
torch.Size([3229]) tensor([5.1974, 5.2215, 5.4149, 5.5246, 5.4389], dtype=torch.float64)
369512
torch.Size([3494]) tensor([5.5295, 5.7836, 6.9103, 5.0434, 7.1268], dtype=torch.float64)
372677
torch.Size([3165]) tensor([5.2538, 5.5319, 5.4360, 6.7143, 5.0407], dtype=torch.float64)
376089
torch.Size([3412]) tensor([5.3978, 5.0779, 5.7544, 5.1891, 5.1114], dtype=torch.float64)
379587
torch.Size([3498]) tensor([5.1278, 5.1101, 5.1268, 5.3165, 6.2050], dtype=torch.float64)
383027
torch.Size([3440]) tensor([5.6424, 5.1776, 5.2832, 5.6093, 5.9100], dtype=torch.float64)
386388
torch.Size([3361]) tensor([5.0138, 5.3610, 5.2225, 5.2803, 5.0737], dtype=torch.float64)
389955
torch.Size([3567]) tensor([5.9712, 5.8074, 5.6695, 5.5782, 5.2061], dtype=torch.float64)
393313
torch.Size([3358]) tensor([5.9453, 5.1878, 6.3260, 6.0994, 7.3345], dtype=torch.float64)
396921
torch.Size([3608]) tensor([5.3248, 6.1034, 5.6668, 5.7565, 6.2068], dtype=torch.float64)
400380
torch.Size([3459]) tensor([5.7753, 5.5264, 6.7992, 5.9514, 6.2692], dtype=torch.float64)
403882
torch.Size([3502]) tensor([4.9373, 5.1134, 5.4806, 7.0659, 6.6245], dtype=torch.float64)
407527
torch.Size([3645]) tensor([7.3035, 5.5163, 7.0646, 6.5407, 6.6383], dtype=torch.float64)
411170
torch.Size([3643]) tensor([5.9581, 5.2047, 5.4401, 5.4821, 5.8323], dtype=torch.float64)
414857
torch.Size([3687]) tensor([7.8627, 5.8589, 5.6400, 5.5352, 5.7366], dtype=torch.float64)
418474
torch.Size([3617]) tensor([5.8138, 5.3827, 5.4327, 6.0551, 5.5937], dtype=torch.float64)
421695
torch.Size([3221]) tensor([5.6090, 7.6238, 5.5755, 6.4778, 5.5124], dtype=torch.float64)
425143
torch.Size([3448]) tensor([6.5329, 5.6680, 5.9223, 7.2202, 7.0408], dtype=torch.float64)
428867
torch.Size([3724]) tensor([5.9859, 6.1900, 5.5334, 7.0685, 6.6331], dtype=torch.float64)
432257
torch.Size([3390]) tensor([5.6894, 5.8384, 6.7785, 5.2875, 6.1231], dtype=torch.float64)
435725
torch.Size([3468]) tensor([4.9486, 4.9376, 5.3847, 5.4601, 5.5599], dtype=torch.float64)
438731
torch.Size([3006]) tensor([5.3210, 5.3104, 5.1550, 5.2073, 5.1239], dtype=torch.float64)
442265
torch.Size([3534]) tensor([6.1739, 5.7451, 6.6686, 6.2805, 5.6021], dtype=torch.float64)
445624
torch.Size([3359]) tensor([5.8481, 5.6116, 5.6567, 5.8945, 5.9860], dtype=torch.float64)
449152
torch.Size([3528]) tensor([5.6176, 5.6597, 5.4207, 5.2841, 5.7491], dtype=torch.float64)
452570
torch.Size([3418]) tensor([5.5678, 5.5546, 5.8843, 5.9370, 6.5129], dtype=torch.float64)
456259
torch.Size([3689]) tensor([5.5798, 6.0075, 6.2842, 6.0864, 5.9854], dtype=torch.float64)
459428
torch.Size([3169]) tensor([5.0078, 5.4085, 5.0238, 5.1250, 6.1589], dtype=torch.float64)
462754
torch.Size([3326]) tensor([5.0696, 5.5153, 5.7390, 5.2001, 5.1400], dtype=torch.float64)
466053
torch.Size([3299]) tensor([5.2831, 6.4968, 6.4246, 5.3665, 6.1310], dtype=torch.float64)
469445
torch.Size([3392]) tensor([6.3976, 7.1936, 6.0737, 6.4427, 6.3254], dtype=torch.float64)
472662
torch.Size([3217]) tensor([6.2070, 6.3701, 5.7540, 6.1388, 5.3894], dtype=torch.float64)
476197
torch.Size([3535]) tensor([4.7761, 5.7232, 6.4047, 5.0074, 5.4941], dtype=torch.float64)
479586
torch.Size([3389]) tensor([5.1478, 6.2287, 5.5132, 6.1256, 5.3683], dtype=torch.float64)
483189
torch.Size([3603]) tensor([5.6310, 5.8999, 7.0056, 5.7371, 6.0931], dtype=torch.float64)
486710
torch.Size([3521]) tensor([6.2255, 6.0861, 5.2972, 5.1217, 6.1157], dtype=torch.float64)
490073
torch.Size([3363]) tensor([6.2093, 5.7048, 6.1149, 5.9767, 5.2368], dtype=torch.float64)
493548
torch.Size([3475]) tensor([5.5390, 5.5521, 5.2020, 5.4923, 6.0299], dtype=torch.float64)
497127
torch.Size([3579]) tensor([5.3383, 5.1722, 4.9807, 5.0154, 4.9853], dtype=torch.float64)
500681
torch.Size([3554]) tensor([5.1578, 5.0246, 5.2877, 4.9877, 5.1115], dtype=torch.float64)
504023
torch.Size([3342]) tensor([6.0998, 5.3912, 5.6129, 5.2648, 5.3642], dtype=torch.float64)
507372
torch.Size([3349]) tensor([5.4767, 5.2593, 6.1037, 5.1652, 5.0862], dtype=torch.float64)
510740
torch.Size([3368]) tensor([5.5565, 5.7685, 5.3976, 6.4965, 6.0186], dtype=torch.float64)
514114
torch.Size([3374]) tensor([6.6316, 5.3544, 5.5430, 5.6038, 7.2751], dtype=torch.float64)
517222
torch.Size([3108]) tensor([6.3443, 8.0109, 5.3025, 5.7990, 6.5009], dtype=torch.float64)
520470
torch.Size([3248]) tensor([5.4494, 5.9366, 6.3972, 5.8627, 5.9126], dtype=torch.float64)
523463
torch.Size([2993]) tensor([6.9953, 5.9949, 8.7464, 5.7796, 6.4780], dtype=torch.float64)
526329
torch.Size([2866]) tensor([5.2627, 6.1958, 5.1867, 7.0178, 5.8703], dtype=torch.float64)
529282
torch.Size([2953]) tensor([5.5408, 5.3411, 5.1453, 5.0967, 5.1412], dtype=torch.float64)
532391
torch.Size([3109]) tensor([5.4560, 5.0953, 5.1143, 5.0099, 5.0641], dtype=torch.float64)
535440
torch.Size([3049]) tensor([4.9823, 5.6970, 6.0248, 5.3250, 5.0906], dtype=torch.float64)
538191
torch.Size([2751]) tensor([5.0996, 5.0523, 5.2719, 5.1066, 5.0979], dtype=torch.float64)
541419
torch.Size([3228]) tensor([5.2597, 4.9921, 5.1106, 5.1998, 5.0500], dtype=torch.float64)
544628
torch.Size([3209]) tensor([4.9295, 5.1972, 5.0480, 5.2677, 5.1064], dtype=torch.float64)
547630
torch.Size([3002]) tensor([5.8375, 5.7854, 6.2192, 5.0040, 5.1689], dtype=torch.float64)
551250
torch.Size([3620]) tensor([7.2581, 5.4517, 5.6517, 6.7986, 5.9372], dtype=torch.float64)
554230
torch.Size([2980]) tensor([5.2132, 5.4464, 5.6110, 5.8881, 5.3208], dtype=torch.float64)
557652
torch.Size([3422]) tensor([5.3085, 5.1059, 5.0941, 5.2437, 5.2866], dtype=torch.float64)
560979
torch.Size([3327]) tensor([5.8997, 5.1392, 6.5148, 5.7169, 5.6310], dtype=torch.float64)
564424
torch.Size([3445]) tensor([6.0368, 5.5591, 5.3551, 5.5037, 7.0224], dtype=torch.float64)
567897
torch.Size([3473]) tensor([5.8157, 5.9893, 5.7672, 5.1062, 5.2281], dtype=torch.float64)
571185
torch.Size([3288]) tensor([5.8702, 5.5617, 5.7883, 5.4902, 6.6168], dtype=torch.float64)
574353
torch.Size([3168]) tensor([5.2548, 5.4064, 6.9182, 5.4031, 5.9783], dtype=torch.float64)
577758
torch.Size([3405]) tensor([6.0721, 5.5316, 5.0166, 5.4616, 5.2303], dtype=torch.float64)
581299
torch.Size([3541]) tensor([5.6662, 5.1316, 5.8537, 6.1536, 5.9856], dtype=torch.float64)
584662
torch.Size([3363]) tensor([5.6574, 5.1971, 5.6216, 5.1952, 5.3058], dtype=torch.float64)
588031
torch.Size([3369]) tensor([5.4770, 6.2079, 5.0284, 5.7314, 6.2750], dtype=torch.float64)
591014
torch.Size([2983]) tensor([5.7551, 5.8682, 5.3184, 5.3132, 4.9586], dtype=torch.float64)
593935
torch.Size([2921]) tensor([5.2954, 5.0556, 5.1095, 5.1192, 5.3003], dtype=torch.float64)
597332
torch.Size([3397]) tensor([5.2368, 5.1106, 5.1098, 5.1628, 5.3442], dtype=torch.float64)
600650
torch.Size([3318]) tensor([6.1597, 7.0319, 6.9826, 6.9492, 6.3270], dtype=torch.float64)
604220
torch.Size([3570]) tensor([5.2407, 5.3187, 5.9512, 5.9464, 6.0988], dtype=torch.float64)
607434
torch.Size([3214]) tensor([5.2245, 5.1132, 5.6678, 5.9241, 6.2598], dtype=torch.float64)
611050
torch.Size([3616]) tensor([6.2728, 5.7944, 6.7250, 5.9808, 6.6487], dtype=torch.float64)
614235
torch.Size([3185]) tensor([5.0544, 5.1497, 5.2947, 5.2022, 4.7144], dtype=torch.float64)
617774
torch.Size([3539]) tensor([5.0476, 6.3664, 4.8922, 5.6558, 5.3819], dtype=torch.float64)
621115
torch.Size([3341]) tensor([5.3490, 5.7319, 5.6009, 5.5015, 6.9704], dtype=torch.float64)
624633
torch.Size([3518]) tensor([6.3226, 6.1507, 5.9508, 7.5567, 6.1714], dtype=torch.float64)
627750
torch.Size([3117]) tensor([5.5694, 5.5519, 5.4425, 5.3104, 5.0075], dtype=torch.float64)
631419
torch.Size([3669]) tensor([5.3000, 5.1996, 5.0627, 5.1218, 5.3159], dtype=torch.float64)
634770
torch.Size([3351]) tensor([5.8410, 5.2046, 6.7424, 5.2013, 6.4926], dtype=torch.float64)
638105
torch.Size([3335]) tensor([6.2268, 5.5300, 6.0198, 6.6514, 5.9213], dtype=torch.float64)
641487
torch.Size([3382]) tensor([5.6467, 6.0074, 5.3702, 5.8906, 5.3238], dtype=torch.float64)
644776
torch.Size([3289]) tensor([6.1482, 6.9003, 6.0143, 6.3839, 5.5833], dtype=torch.float64)
648289
torch.Size([3513]) tensor([5.3569, 6.0059, 5.6515, 5.6771, 5.3373], dtype=torch.float64)
651988
torch.Size([3699]) tensor([6.3431, 5.8556, 6.4133, 5.6683, 5.5166], dtype=torch.float64)
655281
torch.Size([3293]) tensor([6.1425, 5.4034, 6.1330, 6.8666, 5.9255], dtype=torch.float64)
658734
torch.Size([3453]) tensor([5.0082, 5.2937, 4.7321, 5.3880, 5.0637], dtype=torch.float64)
662468
torch.Size([3734]) tensor([5.4824, 5.6957, 6.1140, 6.2349, 5.5380], dtype=torch.float64)
665991
torch.Size([3523]) tensor([5.3180, 6.7474, 5.0113, 5.3853, 6.1569], dtype=torch.float64)
669058
torch.Size([3067]) tensor([5.5737, 5.7494, 5.3101, 5.6839, 5.6065], dtype=torch.float64)
672443
torch.Size([3385]) tensor([7.3375, 5.7142, 5.2111, 5.7372, 5.3276], dtype=torch.float64)
675721
torch.Size([3278]) tensor([5.5270, 5.6143, 5.8718, 6.0339, 5.3066], dtype=torch.float64)
678972
torch.Size([3251]) tensor([5.4695, 5.8068, 5.6700, 5.4540, 5.8792], dtype=torch.float64)
682459
torch.Size([3487]) tensor([5.4168, 6.1191, 5.5892, 5.2874, 5.3361], dtype=torch.float64)
685909
torch.Size([3450]) tensor([5.1485, 5.5735, 6.1528, 7.6301, 5.4552], dtype=torch.float64)
689522
torch.Size([3613]) tensor([6.1062, 5.8970, 5.2637, 5.4185, 5.6599], dtype=torch.float64)
692847
torch.Size([3325]) tensor([6.1429, 5.6106, 5.4584, 6.4009, 5.6480], dtype=torch.float64)
696513
torch.Size([3666]) tensor([5.3564, 5.1395, 5.3434, 6.1819, 5.5561], dtype=torch.float64)
699859
torch.Size([3346]) tensor([5.3465, 5.5253, 5.7929, 5.6852, 5.6283], dtype=torch.float64)
703330
torch.Size([3471]) tensor([5.2209, 5.3802, 6.4098, 6.0691, 6.9569], dtype=torch.float64)
706832
torch.Size([3502]) tensor([5.6780, 5.6561, 5.9029, 6.4935, 5.9042], dtype=torch.float64)
710239
torch.Size([3407]) tensor([5.8886, 5.5173, 5.8362, 5.1175, 5.5975], dtype=torch.float64)
713520
torch.Size([3281]) tensor([5.6795, 5.3362, 5.8270, 5.4035, 5.9468], dtype=torch.float64)
716861
torch.Size([3341]) tensor([5.6955, 6.2489, 5.7760, 5.1742, 5.7239], dtype=torch.float64)
720485
torch.Size([3624]) tensor([5.5930, 5.9639, 5.2199, 6.0184, 5.5951], dtype=torch.float64)
724061
torch.Size([3576]) tensor([6.3013, 5.6880, 5.1679, 6.1848, 6.4348], dtype=torch.float64)
727287
torch.Size([3226]) tensor([6.8882, 6.2591, 5.4172, 5.8921, 5.6327], dtype=torch.float64)
730737
torch.Size([3450]) tensor([6.0119, 5.0806, 6.2007, 5.6777, 5.9316], dtype=torch.float64)
733954
torch.Size([3217]) tensor([5.7983, 5.6244, 5.5903, 5.2058, 5.7678], dtype=torch.float64)
737473
torch.Size([3519]) tensor([5.1948, 5.3844, 5.2935, 5.4232, 5.2258], dtype=torch.float64)
740995
torch.Size([3522]) tensor([6.1170, 5.4539, 5.0829, 5.0975, 5.3630], dtype=torch.float64)
744237
torch.Size([3242]) tensor([5.5630, 5.4355, 5.4335, 5.3682, 5.2235], dtype=torch.float64)
747242
torch.Size([3005]) tensor([5.0556, 5.8092, 6.0072, 6.0270, 6.2561], dtype=torch.float64)
750509
torch.Size([3267]) tensor([5.2422, 5.5101, 5.3269, 5.1810, 5.1216], dtype=torch.float64)
754009
torch.Size([3500]) tensor([4.7176, 5.2837, 5.5628, 5.6922, 5.0174], dtype=torch.float64)
757416
torch.Size([3407]) tensor([6.0127, 5.2373, 5.7536, 5.5419, 6.4245], dtype=torch.float64)
760634
torch.Size([3218]) tensor([6.0169, 6.0249, 6.5328, 5.9695, 5.8397], dtype=torch.float64)
763765
torch.Size([3131]) tensor([5.6915, 5.0713, 6.3151, 6.0657, 5.9966], dtype=torch.float64)
767165
torch.Size([3400]) tensor([5.4839, 5.3343, 5.0546, 5.9755, 5.1134], dtype=torch.float64)
770398
torch.Size([3233]) tensor([7.4388, 6.7067, 6.9829, 5.5756, 5.5563], dtype=torch.float64)
773262
torch.Size([2864]) tensor([5.0968, 5.1884, 5.8555, 5.1781, 5.7800], dtype=torch.float64)
